// Jest Snapshot v1, https://goo.gl/fbAQLP

exports[`A suite should match snapshot 1`] = `
<div
  className="rank-item-top no2"
>
  <div
    className="rank-number no2"
  >
    No. 
    2
  </div>
  <div
    className="avatar-container"
  >
    <div
      className="avatar-wrapper"
    >
      <img
        alt="avatar"
        src="avatar.jpg"
      />
      <img
        alt="firstPlaceBG"
        src="../assets/2.3.1.1_ranking_gastby_daily/bg_second_ranking.svg"
      />
    </div>
    <span
      className="name"
    >
      Iron Man
    </span>
    <div
      className="star-wrapper"
    >
      95167456314675
    </div>
  </div>
</div>
`;
